[NbConvertApp] Converting notebook LV_KL_Calibrate.ipynb to notebook
/data/ioasoft/software/miniforge3/envs/python-3.11-2026-01a/lib/python3.11/site-packages/nbformat/__init__.py:96: MissingIDFieldWarning: Cell is missing an id field, this will become a hard error in future nbformat versions. You may want to use `normalize()` on your notebooks before validations (available since nbformat 5.1.4). Previous versions of nbformat are fixing this issue transparently, and will stop doing so in the future.
  validate(nb)
Traceback (most recent call last):
  File "/data/ioasoft/software/miniforge3/envs/python-3.11-2026-01a/bin/jupyter-nbconvert", line 10, in <module>
    sys.exit(main())
             ^^^^^^
  File "/data/ioasoft/software/miniforge3/envs/python-3.11-2026-01a/lib/python3.11/site-packages/jupyter_core/application.py", line 284, in launch_instance
    super().launch_instance(argv=argv, **kwargs)
  File "/data/ioasoft/software/miniforge3/envs/python-3.11-2026-01a/lib/python3.11/site-packages/traitlets/config/application.py", line 1075, in launch_instance
    app.start()
  File "/data/ioasoft/software/miniforge3/envs/python-3.11-2026-01a/lib/python3.11/site-packages/nbconvert/nbconvertapp.py", line 420, in start
    self.convert_notebooks()
  File "/data/ioasoft/software/miniforge3/envs/python-3.11-2026-01a/lib/python3.11/site-packages/nbconvert/nbconvertapp.py", line 597, in convert_notebooks
    self.convert_single_notebook(notebook_filename)
  File "/data/ioasoft/software/miniforge3/envs/python-3.11-2026-01a/lib/python3.11/site-packages/nbconvert/nbconvertapp.py", line 563, in convert_single_notebook
    output, resources = self.export_single_notebook(
                        ^^^^^^^^^^^^^^^^^^^^^^^^^^^^
  File "/data/ioasoft/software/miniforge3/envs/python-3.11-2026-01a/lib/python3.11/site-packages/nbconvert/nbconvertapp.py", line 487, in export_single_notebook
    output, resources = self.exporter.from_filename(
                        ^^^^^^^^^^^^^^^^^^^^^^^^^^^^
  File "/data/ioasoft/software/miniforge3/envs/python-3.11-2026-01a/lib/python3.11/site-packages/nbconvert/exporters/exporter.py", line 201, in from_filename
    return self.from_file(f, resources=resources, **kw)
           ^^^^^^^^^^^^^^^^^^^^^^^^^^^^^^^^^^^^^^^^^^^^
  File "/data/ioasoft/software/miniforge3/envs/python-3.11-2026-01a/lib/python3.11/site-packages/nbconvert/exporters/exporter.py", line 220, in from_file
    return self.from_notebook_node(
           ^^^^^^^^^^^^^^^^^^^^^^^^
  File "/data/ioasoft/software/miniforge3/envs/python-3.11-2026-01a/lib/python3.11/site-packages/nbconvert/exporters/notebook.py", line 36, in from_notebook_node
    nb_copy, resources = super().from_notebook_node(nb, resources, **kw)
                         ^^^^^^^^^^^^^^^^^^^^^^^^^^^^^^^^^^^^^^^^^^^^^^^
  File "/data/ioasoft/software/miniforge3/envs/python-3.11-2026-01a/lib/python3.11/site-packages/nbconvert/exporters/exporter.py", line 154, in from_notebook_node
    nb_copy, resources = self._preprocess(nb_copy, resources)
                         ^^^^^^^^^^^^^^^^^^^^^^^^^^^^^^^^^^^^
  File "/data/ioasoft/software/miniforge3/envs/python-3.11-2026-01a/lib/python3.11/site-packages/nbconvert/exporters/exporter.py", line 353, in _preprocess
    nbc, resc = preprocessor(nbc, resc)
                ^^^^^^^^^^^^^^^^^^^^^^^
  File "/data/ioasoft/software/miniforge3/envs/python-3.11-2026-01a/lib/python3.11/site-packages/nbconvert/preprocessors/base.py", line 48, in __call__
    return self.preprocess(nb, resources)
           ^^^^^^^^^^^^^^^^^^^^^^^^^^^^^^
  File "/data/ioasoft/software/miniforge3/envs/python-3.11-2026-01a/lib/python3.11/site-packages/nbconvert/preprocessors/execute.py", line 103, in preprocess
    self.preprocess_cell(cell, resources, index)
  File "/data/ioasoft/software/miniforge3/envs/python-3.11-2026-01a/lib/python3.11/site-packages/nbconvert/preprocessors/execute.py", line 124, in preprocess_cell
    cell = self.execute_cell(cell, index, store_history=True)
           ^^^^^^^^^^^^^^^^^^^^^^^^^^^^^^^^^^^^^^^^^^^^^^^^^^
  File "/data/ioasoft/software/miniforge3/envs/python-3.11-2026-01a/lib/python3.11/site-packages/jupyter_core/utils/__init__.py", line 165, in wrapped
    return loop.run_until_complete(inner)
           ^^^^^^^^^^^^^^^^^^^^^^^^^^^^^^
  File "/data/ioasoft/software/miniforge3/envs/python-3.11-2026-01a/lib/python3.11/asyncio/base_events.py", line 654, in run_until_complete
    return future.result()
           ^^^^^^^^^^^^^^^
  File "/data/ioasoft/software/miniforge3/envs/python-3.11-2026-01a/lib/python3.11/site-packages/nbclient/client.py", line 1062, in async_execute_cell
    await self._check_raise_for_error(cell, cell_index, exec_reply)
  File "/data/ioasoft/software/miniforge3/envs/python-3.11-2026-01a/lib/python3.11/site-packages/nbclient/client.py", line 918, in _check_raise_for_error
    raise CellExecutionError.from_cell_and_msg(cell, exec_reply_content)
nbclient.exceptions.CellExecutionError: An error occurred while executing the following cell:
------------------
import numpy as np
import matplotlib.pyplot as plt
import pandas as pd
import torch
from sbi.utils import BoxUniform
from torch.distributions import LogNormal, Independent
from joblib import Parallel, delayed
from sbi.analysis import pairplot
from sbi.inference import NPE
from sbi.analysis import plot_summary

_ = torch.manual_seed(42)

_ = np.random.seed(0)

# Define Lotka Volterra Simulator
def lotka_volterra(y, alpha, beta, delta, gamma):
    prey, predator = y
    dprey_dt = alpha * prey - beta * prey * predator
    dpredator_dt = delta * prey * predator - gamma * predator
    return np.asarray([dprey_dt, dpredator_dt])

def simulate_total(parameters, t_span):
    alpha = parameters[0]
    beta = parameters[1]
    delta = parameters[2]
    gamma = parameters[3]

    y0 = np.asarray([40.0, 9.0])  # Initial populations
    #t_span = 400  # Total simulation time
    dt = 0.1  # Time step

    timesteps = int(2*t_span / dt)
    y = np.zeros((timesteps, 2))
    y[0] = y0

    for i in range(1, timesteps):
        y[i] = y[i-1] + lotka_volterra(y[i-1], alpha, beta, delta, gamma) * dt

    return y

def choose_splitter(nparray, split_method):
    if split_method == 'even_odd':
        return split_by_even_odd(nparray)
    elif split_method == 'first_second':
        return split_in_two(nparray)
    else:
        raise ValueError(f"Unknown split type: {split_method}")
    

# split into two halves
def split_in_two(nparray):
    n = len(nparray)
    mid = n//2
    res1 = nparray[:mid]
    res2 = nparray[mid:]
    return res1, res2

# split by even/odd indices
def split_by_even_odd(nparray):
    even = nparray[::2]
    odd = nparray[1::2]
    m = min(len(even), len(odd))
    even, odd = even[:m], odd[:m]
    return even, odd


# Define how populations evolve
def simulate(parameters, observation, t_span):
    alpha = parameters[0]
    beta = parameters[1]
    delta = parameters[2]
    gamma = parameters[3]


    y0 = np.asarray([observation[0, 0], observation[0, 1]])  # Initial populations
    #t_span = 200  # Total simulation time
    dt = 0.1  # Time step

    timesteps = int(t_span / dt)
    y = np.zeros((timesteps, 2))
    y[0] = y0

    for i in range(1, timesteps):
        y[i] = y[i-1] + lotka_volterra(y[i-1], alpha, beta, delta, gamma) * dt

    return y

# Extract observed data
def extract_data(url):
    df = pd.read_csv(url, delim_whitespace=True, header=None, index_col=0)
    df.index.name = 'Year'
    df.columns = ['Hare', 'Lynx']
    time_vec = df.index.values
    observation = df[['Hare', 'Lynx']].values
    print(observation.shape)
    n_obs = observation.shape[0]
    sigma_hare = 0.2 * np.std(observation[:, 0])   # 20% of hare std
    sigma_lynx = 0.2 * np.std(observation[:, 1])   # 20% of lynx std
    return time_vec, observation, n_obs, sigma_hare, sigma_lynx

# Plot figures for observed lynx hare populations
def plot_observed_data(time_vec, observation):
    fig, ax = plt.subplots(1, 1, figsize=(6, 3))
    _ = ax.plot(time_vec, observation)
    _ = ax.legend(["Prey", "Predator"])
    _ = ax.set_xlabel("Time")
    _ = ax.set_ylabel("Population")

# Use mean and max as summary statistics but add noise: intended for our actual observation
def add_noise_and_plot(simulation_result, distn, sigma_hare, sigma_lynx, time):

    if distn == 'none':
        pass
    elif distn == 'gaussian':
        noise = np.random.normal(
        loc=0.0,
        scale=np.array([sigma_hare, sigma_lynx]),  # one sigma per column
        size=simulation_result.shape)
        simulation_result = simulation_result + noise
    elif distn == 'poisson':
        lam = np.clip(simulation_result, 1e-6, None)
        simulation_result = np.random.poisson(lam)
    else:
        raise ValueError(f"Unknown distribution type: {distn}")

    plot_observed_data(time,simulation_result)

    
    return simulation_result

# Use mean and max as summary statistics
def summarize_simulation(simulation_result):

    prey_population = simulation_result[:, 0]
    predator_population = simulation_result[:, 1]
    
    summary = [
        np.max(prey_population).item(),
        np.max(predator_population).item(),
        np.mean(prey_population).item(),
        np.mean(predator_population).item()
    ]
    return np.asarray(summary)

# pick out n_obs points to ensure arrays are same size
def downsample_to_n_obs(sim_result, n_obs):
    # pick out n_obs points to ensure arrays are same size
    T = sim_result.shape[0]
    idx = np.linspace(0, T - 1, n_obs).astype(int)
    return sim_result[idx]

# returns data that is same size as observed, adding no noise
def simulate_match_data(parameters, n_obs,observation, t_span):
    # returns data that is same size as observed, adding no noise
    full_traj = simulate(parameters,observation,t_span)            # (2000, 2)
    return downsample_to_n_obs(full_traj, n_obs)  # (n_obs, 2)

# Returns simulations with gaussian noise added
def simulate_gaussian(parameters, n_obs, sigma_hare, sigma_lynx, observation, t_span):
    latent = simulate_match_data(parameters, n_obs,observation, t_span)
    noise = np.random.normal(
        loc=0.0,
        scale=np.array([sigma_hare, sigma_lynx]),  # one sigma per column
        size=latent.shape
    )
    # Column 0 ~ N(0, sigma_hare^2), column 1 ~ N(0, sigma_lynx^2)
    noisy = latent + noise
    return noisy

# Return simulations with poissoin noise added
def simulate_poisson(parameters, n_obs, observation, t_span):
    latent = simulate_match_data(parameters, n_obs, observation, t_span)
    lam = np.clip(latent, 1e-6, None)
    noisy_counts = np.random.poisson(lam)
    return noisy_counts

# Wrapper function to choose noise
def simulator_distribution(distn, parameters, n_obs, sigma_hare, sigma_lynx, observation, t_span):
    if distn == 'none':
        result = simulate_match_data(parameters, n_obs, observation,t_span)
    elif distn == 'gaussian':
        result = simulate_gaussian(parameters, n_obs, sigma_hare, sigma_lynx, observation, t_span)
    elif distn == 'poisson':
        result = simulate_poisson(parameters, n_obs, observation, t_span)
    else:
        raise ValueError(f"Unknown distribution type: {distn}")
    return result

# Define a uniform prior
def define_uniform_prior():
    lower_bound = torch.as_tensor([0.05, 0.01, 0.005, 0.005])
    upper_bound = torch.as_tensor([0.15, 0.03, 0.03, 0.15])
    prior = BoxUniform(low=lower_bound, high=upper_bound)
    return prior

# Define a log-normal prior
def define_logn_prior():
    log_means = torch.log(torch.tensor([
        0.13,   # alpha - 1.6   old: 0.1
        0.015,   # beta - 3.2   old: 0.02
        0.008,  # delta - 0.6    old: 0.015
        0.12    # gamma - 0.56     old: 0.08
    ]))

    log_stds = torch.tensor([0.3, 0.3, 0.3, 0.3]) # old was just 0.3

    # Build prior
    base_dist = LogNormal(loc=log_means, scale=log_stds)
    prior_lognormal = Independent(base_dist, 1)
    return prior_lognormal


# Wrapper Function to choose prior distn
def choose_prior_and_generate_theta(distn):
    if distn == 'uniform':
        prior = define_uniform_prior()
    elif distn == 'logn':
        prior = define_logn_prior()
    else:
        raise ValueError(f"Unknown distribution type: {distn}")
    
    theta = prior.sample((10_000,))
    return prior, theta

# simulator function
def parallel_simulate(theta,distn, n_obs, sigma_hare, sigma_lynx, observation, t_span):
    # Our simulator uses numpy, but prior samples are in PyTorch.
    theta_np = theta.numpy()

    num_workers = 24
    simulation_outputs = Parallel(n_jobs=num_workers)(
        delayed(simulator_distribution)(distn,batch,n_obs, sigma_hare, sigma_lynx, observation, t_span)
        for batch in theta_np
    )
    return np.asarray(simulation_outputs)

# generate simulations
def generate_x(theta,distn, n_obs,sigma_hare,sigma_lynx, observation, t_span):
    simulation_outputs = parallel_simulate(theta,distn, n_obs,sigma_hare, sigma_lynx, observation, t_span)
    x = torch.as_tensor(np.asarray([summarize_simulation(sim) for sim in simulation_outputs]), dtype=torch.float32)
    return x

# plot to check simulated data covers observed data
def plot_checker(x, x_obs):
        _ = pairplot(
        samples=x,
        points=x_obs[None, :],  # `points` needs a batch dimension.
        limits=[[0, 200], [0, 150], [0, 25], [0, 50]],
        figsize=(4, 4),
    )

------------------


[31m---------------------------------------------------------------------------[39m
[31mModuleNotFoundError[39m                       Traceback (most recent call last)
[36mCell[39m[36m [39m[32mIn[1][39m[32m, line 4[39m
[32m      2[39m [38;5;28;01mimport[39;00m[38;5;250m [39m[34;01mmatplotlib[39;00m[34;01m.[39;00m[34;01mpyplot[39;00m[38;5;250m [39m[38;5;28;01mas[39;00m[38;5;250m [39m[34;01mplt[39;00m
[32m      3[39m [38;5;28;01mimport[39;00m[38;5;250m [39m[34;01mpandas[39;00m[38;5;250m [39m[38;5;28;01mas[39;00m[38;5;250m [39m[34;01mpd[39;00m
[32m----> [39m[32m4[39m [38;5;28;01mimport[39;00m[38;5;250m [39m[34;01mtorch[39;00m
[32m      5[39m [38;5;28;01mfrom[39;00m[38;5;250m [39m[34;01msbi[39;00m[34;01m.[39;00m[34;01mutils[39;00m[38;5;250m [39m[38;5;28;01mimport[39;00m BoxUniform
[32m      6[39m [38;5;28;01mfrom[39;00m[38;5;250m [39m[34;01mtorch[39;00m[34;01m.[39;00m[34;01mdistributions[39;00m[38;5;250m [39m[38;5;28;01mimport[39;00m LogNormal, Independent

[31mModuleNotFoundError[39m: No module named 'torch'

